---
source: crates/mm1-sup/src/mixed/strategy/all_for_one/tests.rs
expression: report
---
- "RestartIntensity { max_restarts: 1, within: 30s }"
- "ADD     [one]"
- DECIDE
- ">>> Start(one)"
- "STARTED [one] / <:1>"
- DECIDE
- DELAY 40s
- "EXITED  <:1> normal_exit=false"
- DECIDE
- ">>> Start(one)"
- "STARTED [one] / <:2>"
