---
source: crates/mm1-sup/src/mixed/strategy/all_for_one/tests.rs
expression: report
---
- "RestartIntensity { max_restarts: 0, within: 18446744073709551615.999999999s }"
- "ADD     [one]"
- DECIDE
- ">>> Start(one)"
- "STARTED [one] / <:1>"
- "RM      [one]"
- "!!! ERROR: operation unsupported"
