---
source: core/mm1-node/src/config/test_validation.rs
expression: actual_errors
---
- "conflicting subnets: <cafe:>/16 vs <cafeffff:>/32"
