---
source: crates/mm1-sup/src/mixed/strategy/one_for_one/tests.rs
expression: report
---
- "RestartIntensity { max_restarts: 1, within: 18446744073709551615.999999999s }"
- "ADD     [one]"
- "ADD     [two]"
- DECIDE
- ">>> Start(one)"
- ">>> Start(two)"
- "STARTED [one] / <:1>"
- DECIDE
- "STARTED [two] / <:2>"
- DECIDE
