---
source: components/mm1-sup/src/mixed/strategy/one_for_one/tests.rs
expression: report
---
- "RestartIntensity { max_restarts: 0, within: 18446744073709551615.999999999s }"
- "ADD     [one]"
- "RM      [one]"
- DECIDE
- ">>> InitDone"
